Text report content.